warning: variable `found_lib` is assigned to, but never used
  --> chafa-sys\build.rs:16:9
   |
16 |     let mut found_lib = false;
   |         ^^^^^^^^^^^^^
   |
   = note: consider using `_found_lib` instead
   = note: `#[warn(unused_variables)]` (part of `#[warn(unused)]`) on by default

warning: value assigned to `found_lib` is never read
  --> chafa-sys\build.rs:24:13
   |
24 |             found_lib = true;
   |             ^^^^^^^^^^^^^^^^
   |
   = help: maybe it is overwritten before being read?
   = note: `#[warn(unused_assignments)]` (part of `#[warn(unused)]`) on by default

warning: `chafa-sys` (build script) generated 2 warnings
   Compiling headless_chrome v1.0.21
warning: chafa-sys@0.1.0: Found chafa.pc at "/usr/lib/x86_64-linux-gnu/pkgconfig\\chafa.pc"
warning: chafa-sys@0.1.0: Could not find libchafa via pkg-config
warning: chafa-sys@0.1.0: libchafa will be loaded dynamically at runtime.
warning: chafa-sys@0.1.0: Please install libchafa if you encounter runtime errors:
warning: chafa-sys@0.1.0:   Windows (MSYS2): pacman -S mingw-w64-x86_64-chafa
warning: chafa-sys@0.1.0:   Linux (Ubuntu): apt install libchafa-dev
warning: chafa-sys@0.1.0:   macOS: brew install chafa
   Compiling mdterm v0.1.0 (\\wsl.localhost\Ubuntu\home\shafiq\repos\mdterm)
error[E0308]: mismatched types
   --> src\chafa.rs:138:28
    |
138 |     symbol_map.add_by_tags(sys::CHAFA_SYMBOL_TAG_ALL)
    |                ----------- ^^^^^^^^^^^^^^^^^^^^^^^^^ expected `u32`, found `ChafaSymbolTag`
    |                |
    |                arguments to this method are incorrect
    |
note: method defined here
   --> src\chafa_safe.rs:76:12
    |
 76 |     pub fn add_by_tags(&mut self, tags: u32) -> Result<&mut Self> {
    |            ^^^^^^^^^^^            ---------

error[E0308]: mismatched types
   --> src\chafa.rs:146:27
    |
146 |         .with_color_space(sys::CHAFA_COLOR_TYPERGBA8)
    |          ---------------- ^^^^^^^^^^^^^^^^^^^^^^^^^^ expected `u32`, found `ChafaColorSpace`
    |          |
    |          arguments to this method are incorrect
    |
note: method defined here
   --> src\chafa_safe.rs:163:12
    |
163 |     pub fn with_color_space(self, color_space: u32) -> Result<Self> {
    |            ^^^^^^^^^^^^^^^^       ----------------

error[E0308]: mismatched types
   --> src\chafa.rs:153:37
    |
153 |         config_obj.with_dither_mode(sys::CHAFA_DITHER_MODE_DIFFUSION)
    |                    ---------------- ^^^^^^^^^^^^^^^^^^^^^^^^^^^^^^^^ expected `u32`, found `ChafaDitherMode`
    |                    |
    |                    arguments to this method are incorrect
    |
note: method defined here
   --> src\chafa_safe.rs:175:12
    |
175 |     pub fn with_dither_mode(self, dither_mode: u32) -> Result<Self> {
    |            ^^^^^^^^^^^^^^^^       ----------------

error[E0308]: mismatched types
   --> src\chafa.rs:155:37
    |
155 |         config_obj.with_dither_mode(sys::CHAFA_DITHER_MODE_NONE)
    |                    ---------------- ^^^^^^^^^^^^^^^^^^^^^^^^^^^ expected `u32`, found `ChafaDitherMode`
    |                    |
    |                    arguments to this method are incorrect
    |
note: method defined here
   --> src\chafa_safe.rs:175:12
    |
175 |     pub fn with_dither_mode(self, dither_mode: u32) -> Result<Self> {
    |            ^^^^^^^^^^^^^^^^       ----------------

error[E0308]: mismatched types
   --> src\chafa.rs:163:9
    |
162 |     canvas.draw_all_pixels(
    |            --------------- arguments to this method are incorrect
163 |         sys::CHAFA_PIXEL_RGBA8,
    |         ^^^^^^^^^^^^^^^^^^^^^^ expected `u32`, found `ChafaPixelType`
    |
note: method defined here
   --> src\chafa_safe.rs:249:12
    |
249 |     pub fn draw_all_pixels(
    |            ^^^^^^^^^^^^^^^
250 |         &mut self,
251 |         pixel_type: u32,
    |         ---------------

error[E0308]: mismatched types
   --> src\chafa_safe.rs:338:36
    |
338 |             symbol_map.add_by_tags(sys::CHAFA_SYMBOL_TAG_ALL)?;
    |                        ----------- ^^^^^^^^^^^^^^^^^^^^^^^^^ expected `u32`, found `ChafaSymbolTag`
    |                        |
    |                        arguments to this method are incorrect
    |
note: method defined here
   --> src\chafa_safe.rs:76:12
    |
 76 |     pub fn add_by_tags(&mut self, tags: u32) -> Result<&mut Self> {
    |            ^^^^^^^^^^^            ---------

error[E0308]: mismatched types
   --> src\chafa_safe.rs:354:36
    |
354 |             symbol_map.add_by_tags(sys::CHAFA_SYMBOL_TAG_ALL)?;
    |                        ----------- ^^^^^^^^^^^^^^^^^^^^^^^^^ expected `u32`, found `ChafaSymbolTag`
    |                        |
    |                        arguments to this method are incorrect
    |
note: method defined here
   --> src\chafa_safe.rs:76:12
    |
 76 |     pub fn add_by_tags(&mut self, tags: u32) -> Result<&mut Self> {
    |            ^^^^^^^^^^^            ---------

For more information about this error, try `rustc --explain E0308`.
error: could not compile `mdterm` (bin "mdterm" test) due to 7 previous errors
